<html>
<body>
<pre>
<h1>µVision Build Log</h1>
<h2>Project:</h2>
C:\Dev\Projects\stm32f0\AntiBadUsb\AntiBadUsb.uvproj
Project File Date:  12/03/2016

<h2>Output:</h2>
Rebuild target 'Target 1'
assembling startup_stm32f030x6.s...
compiling main.c...
user\main.c(19): warning:  #260-D: explicit type is missing ("int" assumed)
user\main.c(19): error:  #159: declaration is incompatible with previous "bufferP" (declared at line 11 of "..\AntiBadUsb\global.h")
user\main.c(19): error:  #145: variable "bufferP" may not be initialized
user\main.c(19): error:  #59: function call is not allowed in a constant expression
user\main.c(20): warning:  #260-D: explicit type is missing ("int" assumed)
user\main.c(20): error:  #159: declaration is incompatible with previous "bufferN" (declared at line 12 of "..\AntiBadUsb\global.h")
user\main.c(20): error:  #145: variable "bufferN" may not be initialized
user\main.c(20): error:  #59: function call is not allowed in a constant expression
compiling led.c...
compiling usart.c...
compiling key.c...
compiling global.c...
compiling stm32f0xx_gpio.c...
compiling stm32f0xx_rcc.c...
compiling stm32f0xx_usart.c...
Target not created
Rebuild target 'Target 1'
assembling startup_stm32f030x6.s...
compiling main.c...
compiling led.c...
compiling usart.c...
compiling key.c...
compiling global.c...
compiling stm32f0xx_gpio.c...
compiling stm32f0xx_rcc.c...
compiling stm32f0xx_usart.c...
linking...
Program Size: Code=4436 RO-data=208 RW-data=32 ZI-data=1632  
"AntiBadUsb.axf" - 0 Error(s), 0 Warning(s).
Build target 'Target 1'
compiling main.c...
compiling led.c...
compiling key.c...
compiling global.c...
global.c(28): error:  #118: a void function may not return a value
global.c(29): warning:  #1-D: last line of file ends without a newline
Target not created
Rebuild target 'Target 1'
assembling startup_stm32f030x6.s...
compiling main.c...
compiling led.c...
compiling usart.c...
compiling key.c...
compiling global.c...
global.c(29): warning:  #1-D: last line of file ends without a newline
compiling stm32f0xx_gpio.c...
compiling stm32f0xx_rcc.c...
compiling stm32f0xx_usart.c...
linking...
Program Size: Code=4532 RO-data=208 RW-data=32 ZI-data=1632  
"AntiBadUsb.axf" - 0 Error(s), 1 Warning(s).
Rebuild target 'Target 1'
assembling startup_stm32f030x6.s...
compiling main.c...
compiling led.c...
compiling usart.c...
compiling key.c...
compiling global.c...
compiling stm32f0xx_gpio.c...
compiling stm32f0xx_rcc.c...
compiling stm32f0xx_usart.c...
linking...
Program Size: Code=4560 RO-data=208 RW-data=32 ZI-data=1632  
"AntiBadUsb.axf" - 0 Error(s), 0 Warning(s).
Rebuild target 'Target 1'
assembling startup_stm32f030x6.s...
compiling main.c...
compiling led.c...
compiling usart.c...
compiling key.c...
compiling global.c...
compiling stm32f0xx_gpio.c...
compiling stm32f0xx_rcc.c...
compiling stm32f0xx_usart.c...
linking...
Program Size: Code=4560 RO-data=208 RW-data=32 ZI-data=1632  
"AntiBadUsb.axf" - 0 Error(s), 0 Warning(s).
Load "C:\\Dev\\Projects\\stm32f0\\AntiBadUsb\\AntiBadUsb.AXF" 
Erase Done.
Programming Done.
Verify OK.
Application running ...
Rebuild target 'Target 1'
assembling startup_stm32f030x6.s...
compiling main.c...
compiling led.c...
led.c(36): warning:  #1-D: last line of file ends without a newline
compiling usart.c...
compiling key.c...
compiling global.c...
compiling stm32f0xx_gpio.c...
compiling stm32f0xx_rcc.c...
compiling stm32f0xx_usart.c...
linking...
Program Size: Code=4592 RO-data=208 RW-data=32 ZI-data=1632  
"AntiBadUsb.axf" - 0 Error(s), 1 Warning(s).
Rebuild target 'Target 1'
assembling startup_stm32f030x6.s...
compiling main.c...
compiling led.c...
compiling usart.c...
compiling key.c...
compiling global.c...
compiling stm32f0xx_gpio.c...
compiling stm32f0xx_rcc.c...
compiling stm32f0xx_usart.c...
linking...
Program Size: Code=4592 RO-data=208 RW-data=32 ZI-data=1632  
"AntiBadUsb.axf" - 0 Error(s), 0 Warning(s).
Load "C:\\Dev\\Projects\\stm32f0\\AntiBadUsb\\AntiBadUsb.AXF" 
Erase Done.
Programming Done.
Verify OK.
Application running ...
Rebuild target 'Target 1'
assembling startup_stm32f030x6.s...
compiling main.c...
compiling led.c...
compiling usart.c...
compiling key.c...
compiling global.c...
compiling stm32f0xx_gpio.c...
compiling stm32f0xx_rcc.c...
compiling stm32f0xx_usart.c...
linking...
Program Size: Code=4568 RO-data=208 RW-data=32 ZI-data=1632  
"AntiBadUsb.axf" - 0 Error(s), 0 Warning(s).
Load "C:\\Dev\\Projects\\stm32f0\\AntiBadUsb\\AntiBadUsb.AXF" 
Erase Done.
Programming Done.
Verify OK.
Application running ...
Rebuild target 'Target 1'
assembling startup_stm32f030x6.s...
compiling main.c...
compiling led.c...
compiling usart.c...
compiling key.c...
compiling global.c...
compiling stm32f0xx_gpio.c...
compiling stm32f0xx_rcc.c...
compiling stm32f0xx_usart.c...
linking...
Program Size: Code=4596 RO-data=208 RW-data=32 ZI-data=1632  
"AntiBadUsb.axf" - 0 Error(s), 0 Warning(s).
Load "C:\\Dev\\Projects\\stm32f0\\AntiBadUsb\\AntiBadUsb.AXF" 
Erase Done.
Programming Done.
Verify OK.
Application running ...
Rebuild target 'Target 1'
assembling startup_stm32f030x6.s...
compiling main.c...
compiling led.c...
compiling usart.c...
compiling key.c...
compiling global.c...
compiling stm32f0xx_gpio.c...
compiling stm32f0xx_rcc.c...
compiling stm32f0xx_usart.c...
linking...
Program Size: Code=4588 RO-data=208 RW-data=32 ZI-data=1632  
"AntiBadUsb.axf" - 0 Error(s), 0 Warning(s).
Load "C:\\Dev\\Projects\\stm32f0\\AntiBadUsb\\AntiBadUsb.AXF" 
Erase Done.
Programming Done.
Verify OK.
Application running ...
Rebuild target 'Target 1'
assembling startup_stm32f030x6.s...
compiling main.c...
compiling led.c...
compiling usart.c...
compiling key.c...
compiling global.c...
compiling stm32f0xx_gpio.c...
compiling stm32f0xx_rcc.c...
compiling stm32f0xx_usart.c...
linking...
Program Size: Code=4584 RO-data=208 RW-data=32 ZI-data=1632  
"AntiBadUsb.axf" - 0 Error(s), 0 Warning(s).
Load "C:\\Dev\\Projects\\stm32f0\\AntiBadUsb\\AntiBadUsb.AXF" 
Erase Done.
Programming Done.
Verify OK.
Application running ...
Rebuild target 'Target 1'
assembling startup_stm32f030x6.s...
compiling main.c...
compiling led.c...
compiling usart.c...
compiling key.c...
compiling global.c...
compiling stm32f0xx_gpio.c...
compiling stm32f0xx_rcc.c...
compiling stm32f0xx_usart.c...
linking...
Program Size: Code=4588 RO-data=208 RW-data=32 ZI-data=1632  
"AntiBadUsb.axf" - 0 Error(s), 0 Warning(s).
Load "C:\\Dev\\Projects\\stm32f0\\AntiBadUsb\\AntiBadUsb.AXF" 
Erase Done.
Programming Done.
Verify OK.
Application running ...
Rebuild target 'Target 1'
assembling startup_stm32f030x6.s...
compiling main.c...
compiling led.c...
compiling usart.c...
compiling key.c...
compiling global.c...
compiling stm32f0xx_gpio.c...
compiling stm32f0xx_rcc.c...
compiling stm32f0xx_usart.c...
linking...
Program Size: Code=4592 RO-data=208 RW-data=32 ZI-data=1632  
"AntiBadUsb.axf" - 0 Error(s), 0 Warning(s).
Load "C:\\Dev\\Projects\\stm32f0\\AntiBadUsb\\AntiBadUsb.AXF" 
Erase Done.
Programming Done.
Verify OK.
Application running ...
Rebuild target 'Target 1'
assembling startup_stm32f030x6.s...
compiling main.c...
user\main.c(22): error:  #29: expected an expression
user\main.c(22): error:  #20: identifier "i" is undefined
user\main.c(30): error:  #29: expected an expression
user\main.c(30): error:  #20: identifier "i" is undefined
user\main.c(38): error:  #29: expected an expression
user\main.c(38): error:  #20: identifier "i" is undefined
user\main.c(42): error:  #29: expected an expression
user\main.c(42): error:  #20: identifier "j" is undefined
compiling led.c...
compiling usart.c...
compiling key.c...
compiling global.c...
compiling stm32f0xx_gpio.c...
compiling stm32f0xx_rcc.c...
compiling stm32f0xx_usart.c...
Target not created
Rebuild target 'Target 1'
assembling startup_stm32f030x6.s...
compiling main.c...
user\main.c(22): error:  #268: declaration may not appear after executable statement in block
user\main.c(45): error:  #268: declaration may not appear after executable statement in block
compiling led.c...
compiling usart.c...
compiling key.c...
compiling global.c...
compiling stm32f0xx_gpio.c...
compiling stm32f0xx_rcc.c...
compiling stm32f0xx_usart.c...
Target not created
Rebuild target 'Target 1'
assembling startup_stm32f030x6.s...
compiling main.c...
user\main.c(45): error:  #268: declaration may not appear after executable statement in block
compiling led.c...
compiling usart.c...
compiling key.c...
compiling global.c...
compiling stm32f0xx_gpio.c...
compiling stm32f0xx_rcc.c...
compiling stm32f0xx_usart.c...
Target not created
Rebuild target 'Target 1'
assembling startup_stm32f030x6.s...
compiling main.c...
compiling led.c...
compiling usart.c...
compiling key.c...
compiling global.c...
compiling stm32f0xx_gpio.c...
compiling stm32f0xx_rcc.c...
compiling stm32f0xx_usart.c...
linking...
Program Size: Code=4708 RO-data=208 RW-data=32 ZI-data=1696  
"AntiBadUsb.axf" - 0 Error(s), 0 Warning(s).
Rebuild target 'Target 1'
assembling startup_stm32f030x6.s...
compiling main.c...
compiling led.c...
compiling usart.c...
compiling key.c...
compiling global.c...
compiling stm32f0xx_gpio.c...
compiling stm32f0xx_rcc.c...
compiling stm32f0xx_usart.c...
linking...
Program Size: Code=4712 RO-data=208 RW-data=32 ZI-data=1696  
"AntiBadUsb.axf" - 0 Error(s), 0 Warning(s).
Load "C:\\Dev\\Projects\\stm32f0\\AntiBadUsb\\AntiBadUsb.AXF" 
Erase Done.
Programming Done.
Verify OK.
Application running ...
Rebuild target 'Target 1'
assembling startup_stm32f030x6.s...
compiling main.c...
compiling led.c...
compiling usart.c...
compiling key.c...
compiling global.c...
compiling stm32f0xx_gpio.c...
compiling stm32f0xx_rcc.c...
compiling stm32f0xx_usart.c...
linking...
Program Size: Code=4708 RO-data=208 RW-data=32 ZI-data=1696  
"AntiBadUsb.axf" - 0 Error(s), 0 Warning(s).
Load "C:\\Dev\\Projects\\stm32f0\\AntiBadUsb\\AntiBadUsb.AXF" 
Erase Done.
Programming Done.
Verify OK.
Application running ...
Rebuild target 'Target 1'
assembling startup_stm32f030x6.s...
compiling main.c...
compiling led.c...
compiling usart.c...
compiling key.c...
compiling global.c...
compiling stm32f0xx_gpio.c...
compiling stm32f0xx_rcc.c...
compiling stm32f0xx_usart.c...
linking...
Program Size: Code=4708 RO-data=208 RW-data=32 ZI-data=1696  
"AntiBadUsb.axf" - 0 Error(s), 0 Warning(s).
Rebuild target 'Target 1'
assembling startup_stm32f030x6.s...
compiling main.c...
user\main.c(22): warning:  #223-D: function "seg_Init" declared implicitly
user\main.c(23): warning:  #223-D: function "showSeg" declared implicitly
user\main.c(26): error:  #159: declaration is incompatible with previous "seg_Init" (declared at line 22)
user\main.c(44): error:  #159: declaration is incompatible with previous "showSeg" (declared at line 23)
compiling led.c...
compiling usart.c...
compiling key.c...
compiling global.c...
compiling stm32f0xx_gpio.c...
compiling stm32f0xx_rcc.c...
compiling stm32f0xx_usart.c...
Target not created
Rebuild target 'Target 1'
assembling startup_stm32f030x6.s...
compiling main.c...
compiling led.c...
compiling usart.c...
compiling key.c...
compiling global.c...
compiling stm32f0xx_gpio.c...
compiling stm32f0xx_rcc.c...
compiling stm32f0xx_usart.c...
linking...
Program Size: Code=4716 RO-data=208 RW-data=32 ZI-data=1696  
"AntiBadUsb.axf" - 0 Error(s), 0 Warning(s).
Load "C:\\Dev\\Projects\\stm32f0\\AntiBadUsb\\AntiBadUsb.AXF" 
Erase Done.
Programming Done.
Verify OK.
Application running ...
Rebuild target 'Target 1'
assembling startup_stm32f030x6.s...
compiling main.c...
compiling led.c...
compiling usart.c...
compiling key.c...
compiling global.c...
compiling stm32f0xx_gpio.c...
compiling stm32f0xx_rcc.c...
compiling stm32f0xx_usart.c...
linking...
Program Size: Code=4712 RO-data=208 RW-data=32 ZI-data=1696  
"AntiBadUsb.axf" - 0 Error(s), 0 Warning(s).
Load "C:\\Dev\\Projects\\stm32f0\\AntiBadUsb\\AntiBadUsb.AXF" 
Erase Done.
Programming Done.
Verify OK.
Application running ...
Rebuild target 'Target 1'
assembling startup_stm32f030x6.s...
compiling main.c...
compiling led.c...
compiling usart.c...
compiling key.c...
compiling global.c...
compiling stm32f0xx_gpio.c...
compiling stm32f0xx_rcc.c...
compiling stm32f0xx_usart.c...
linking...
Program Size: Code=4704 RO-data=208 RW-data=32 ZI-data=1696  
"AntiBadUsb.axf" - 0 Error(s), 0 Warning(s).
Load "C:\\Dev\\Projects\\stm32f0\\AntiBadUsb\\AntiBadUsb.AXF" 
Erase Done.
Programming Done.
Verify OK.
Application running ...
Rebuild target 'Target 1'
assembling startup_stm32f030x6.s...
compiling main.c...
compiling led.c...
compiling usart.c...
compiling key.c...
compiling global.c...
compiling stm32f0xx_gpio.c...
compiling stm32f0xx_rcc.c...
compiling stm32f0xx_usart.c...
linking...
Program Size: Code=4704 RO-data=208 RW-data=32 ZI-data=1696  
"AntiBadUsb.axf" - 0 Error(s), 0 Warning(s).
Load "C:\\Dev\\Projects\\stm32f0\\AntiBadUsb\\AntiBadUsb.AXF" 
Erase Done.
Programming Done.
Verify OK.
Application running ...
Rebuild target 'Target 1'
assembling startup_stm32f030x6.s...
compiling main.c...
compiling led.c...
compiling usart.c...
compiling key.c...
compiling global.c...
compiling stm32f0xx_gpio.c...
compiling stm32f0xx_rcc.c...
compiling stm32f0xx_usart.c...
linking...
Program Size: Code=4760 RO-data=208 RW-data=32 ZI-data=1696  
"AntiBadUsb.axf" - 0 Error(s), 0 Warning(s).
Rebuild target 'Target 1'
assembling startup_stm32f030x6.s...
compiling main.c...
user\main.c(34): error:  #20: identifier "boolean" is undefined
user\main.c(38): error:  #20: identifier "false" is undefined
user\main.c(41): error:  #20: identifier "true" is undefined
user\main.c(44): error:  #20: identifier "boolean" is undefined
user\main.c(48): error:  #20: identifier "false" is undefined
user\main.c(51): error:  #20: identifier "true" is undefined
user\main.c(95): warning:  #223-D: function "detect" declared implicitly
user\main.c(97): warning:  #223-D: function "detected" declared implicitly
compiling led.c...
compiling usart.c...
compiling key.c...
compiling global.c...
compiling stm32f0xx_gpio.c...
compiling stm32f0xx_rcc.c...
compiling stm32f0xx_usart.c...
Target not created
Rebuild target 'Target 1'
assembling startup_stm32f030x6.s...
compiling main.c...
user\main.c(103): warning:  #223-D: function "detect" declared implicitly
compiling led.c...
compiling usart.c...
compiling key.c...
compiling global.c...
compiling stm32f0xx_gpio.c...
compiling stm32f0xx_rcc.c...
compiling stm32f0xx_usart.c...
linking...
AntiBadUsb.axf: Error: L6218E: Undefined symbol detect (referred from main.o).
Target not created
Rebuild target 'Target 1'
assembling startup_stm32f030x6.s...
compiling main.c...
compiling led.c...
compiling usart.c...
compiling key.c...
compiling global.c...
compiling stm32f0xx_gpio.c...
compiling stm32f0xx_rcc.c...
compiling stm32f0xx_usart.c...
linking...
Program Size: Code=4860 RO-data=208 RW-data=32 ZI-data=1696  
"AntiBadUsb.axf" - 0 Error(s), 0 Warning(s).
Load "C:\\Dev\\Projects\\stm32f0\\AntiBadUsb\\AntiBadUsb.AXF" 
Erase Done.
Programming Done.
Verify OK.
Application running ...
Rebuild target 'Target 1'
assembling startup_stm32f030x6.s...
compiling main.c...
user\main.c(61): error:  #268: declaration may not appear after executable statement in block
user\main.c(62): warning:  #111-D: statement is unreachable
compiling led.c...
compiling usart.c...
compiling key.c...
compiling global.c...
compiling stm32f0xx_gpio.c...
compiling stm32f0xx_rcc.c...
compiling stm32f0xx_usart.c...
Target not created
Rebuild target 'Target 1'
assembling startup_stm32f030x6.s...
compiling main.c...
compiling led.c...
compiling usart.c...
compiling key.c...
compiling global.c...
compiling stm32f0xx_gpio.c...
compiling stm32f0xx_rcc.c...
compiling stm32f0xx_usart.c...
linking...
Program Size: Code=4912 RO-data=208 RW-data=32 ZI-data=1696  
"AntiBadUsb.axf" - 0 Error(s), 0 Warning(s).
Rebuild target 'Target 1'
assembling startup_stm32f030x6.s...
compiling main.c...
compiling led.c...
compiling usart.c...
compiling key.c...
compiling global.c...
compiling stm32f0xx_gpio.c...
compiling stm32f0xx_rcc.c...
compiling stm32f0xx_usart.c...
linking...
Program Size: Code=4932 RO-data=208 RW-data=32 ZI-data=1696  
"AntiBadUsb.axf" - 0 Error(s), 0 Warning(s).
Load "C:\\Dev\\Projects\\stm32f0\\AntiBadUsb\\AntiBadUsb.AXF" 
Erase Done.
Programming Done.
Verify OK.
Application running ...
